// Vitest Snapshot v1, https://vitest.dev/guide/snapshot.html

exports[`s1 Sc11: the license gate, from --failOn to --onlyAllow > row 15: licenses.allow matches its committed snapshot 1`] = `
"MIT;Apache-2.0;BSD-2-Clause;BSD-3-Clause;ISC;0BSD;BlueOak-1.0.0;CC0-1.0;Unlicense;Python-2.0;CC-BY-4.0
"
`;
